1 		 				 **********************************
2 		 				 *PROGRAMA DE EJEMPLO
3 		 				 **********************************
4 		 				 
5 1026	 				 PACTL  EQU   $1026
6 1027	 				 PACNT  EQU   $1027
7 1030	 				 ADCTL  EQU   $1030
8 1031	 				 ADR1   EQU   $1031
9 1032	 				 ADR2   EQU   $1032
10 1033	 				 ADR3   EQU   $1033
11 1034	 				 ADR4   EQU   $1034
12 1039	 				 OPTION EQU   $1039
13 		 				 
14 1000	 				 PORTA  EQU   $1000
15 1008	 				 PORTD  EQU   $1008
16 100A	 				 PORTE  EQU   $100A
17 1002	 				 PORTG  EQU   $1002
18 		 				 
19 1001	 				 DDRA   EQU   $1001
20 1009	 				 DDRD   EQU   $1009
21 1003	 				 DDRG   EQU   $1003
22 		 				    
23 1024	 				 TMSK2  EQU   $1024
24 1025	 				 TFLG2  EQU   $1025
25 		 				 
26 102F	 				 SCDR   EQU   $102F
27 102D	 				 SCCR2  EQU   $102D
28 102E	 				 SCSR   EQU   $102E
29 102C	 				 SCCR1  EQU   $102C
30 102B	 				 BAUD   EQU   $102B
31 103C	 				 HPRIO  EQU   $103C
32 1028	 				 SPCR   EQU   $1028
33 105D	 				 CSCTL  EQU   $105D
34 1038	 				 OPT2   EQU   $1038
35 		 				 
36 		 				 * VARIABLES *********************
37 		 				 
38 0C	 				 ORDEN  EQU   $000C
39 0D	 				 SEG    EQU   $000D
40 0E	 				 U1     EQU   $000E
41 0F	 				 U2     EQU   $000F
42 10	 				 U3     EQU   $0010
43 11	 				 U4     EQU   $0011
44 12	 				 U5     EQU   $0012
45 13	 				 V1     EQU   $0013
46 14	 				 V2     EQU   $0014
47 15	 				 BAS_H  EQU   $0015
48 16	 				 BAS_L  EQU   $0016
49 17	 				 V5     EQU   $0017
50 18	 				 TEMPO  EQU   $0018
51 19	 				 ALTO   EQU   $0019
52 1A	 				 BAJO   EQU   $001A
53 1B	 				 BASE_H EQU   $001B
54 1C	 				 BASE_L EQU   $001C
55 1D	 				 V3     EQU   $001D
56 1E	 				 V4     EQU   $001E
57 		 				 
58 		 				 **********************************
59 		 				 *CONFIGURA REGISTROS
60 		 				 **********************************
61 		8000 				        ORG   $8000   * DIR DE INICIO
62 ERROR 007 				        LDS   #$00FF  * APUNTADOR DE STAK
63 		 				 
64 		 				                
65 8000 8600 				        LDAA  #$00    * CONFIG TODO EL PUERTO  A COMO ENTRADAS
66 8002 B71001 				        STAA  DDRA    * EL PUERTO A
67 		 				        
68 8005 86FF 				        LDAA  #$FF    * CONFIG TODO EL PUERTO  G COMO SALIDAS
69 8007 B71003 				        STAA  DDRG    * EL PUERTO G 
70 		 				 
71 800A 8600 				        LDAA  #$00    * SE PONE PUERTO G EN CEROS
72 800C B71002 				        STAA  PORTG
73 		 				        
74 800F CC302C 				        LDD   #$302C  * CONFIGURA PUERTO SERIAL
75 8012 B7102B 				        STAA  BAUD    * BAUD  9600  para cristal de 8MHz
76 8015 F7102D 				        STAB  SCCR2   * HABILITA  RX Y TX PERO INTERRUPCN SOLO RX
77 8018 8600 				        LDAA  #$00
78 801A B7102C 				        STAA  SCCR1   * 8 BITS
79 		 				 
80 801D 86FE 				        LDAA  #$FE    * CONFIG PUERTO D COMO SALIDAS (EXCEPTO PD0)
81 801F B71009 				        STAA  DDRD    * SEA  ENABLE DEL DISPLAY  PD4  Y RS PD3
82 		 				                      
83 		 				       
84 8022 8604 				        LDAA  #$04
85 8024 B7103C 				        STAA  HPRIO
86 		 				 
87 8027 8600 				        LDAA  #$00
88 8029 06   				        TAP
89 		 				 
90 		 				 
91 		 				 
92 		 				        
93 		 				 
94 		 				 
95 		 				 
96 		 				 **********************************
97 		 				 *PROGRAMA PRINCIPAL
98 		 				 **********************************
99 802A	 				 MAIN 
100 802A BD80D2 				        JSR    INICIA
101 		 				         
102 802D 7F0011 				 INICIO  CLR    U4
103 8030 7F0010 				 NO_S1   CLR    U3
104 8033 7F000F 				 NO_S    CLR    U2
105 8036 7F000E 				         CLR    U1 
106 		 				 
107 		 				  
108 		 				 
109 		 				 
110 8039	 				 OTRO    
111 8039 863F 				         LDAA    #'?
112 803B B7000C 				         STAA    ORDEN
113 		 				        
114 803E	 				 CICLO
115 803E B6000C 				         LDAA    ORDEN
116 8041 813F 				         CMPA    #'?
117 8043 27F9 				         BEQ     CICLO
118 		 				 
119 8045 F6000E 				         LDAB    U1
120 8048 260A 				         BNE     CHECA_U2
121 804A 8173 				         CMPA    #'s
122 804C 26EB 				         BNE     OTRO
123 804E B7000E 				         STAA    U1
124 8051 7E8039 				         JMP     OTRO
125 		 				 
126 		 				 
127 8054	 				 CHECA_U2
128 		 				 
129 8054 F6000F 				         LDAB    U2
130 8057 2614 				         BNE     CHECA_U3
131 8059 8174 				         CMPA    #'T
132 805B 270A 				         BEQ     ES_T
133 805D 8173 				         CMPA    #'S
134 805F 27D8 				         BEQ     OTRO
135 8061 7F000E 				         CLR     U1
136 8064 7E8039 				         JMP     OTRO
137 8067 B7000F 				 ES_T    STAA    U2
138 806A 7E8039 				         JMP     OTRO
139 		 				 
140 806D	 				 CHECA_U3
141 		 				 
142 806D F60010 				         LDAB    U3
143 8070 2614 				         BNE     CHECA_U4
144 8072 8161 				         CMPA    #'A
145 8074 270A 				         BEQ     ES_A
146 8076 8173 				         CMPA    #'S
147 8078 26B9 				         BNE     NO_S
148 807A 7F000F 				         CLR     U2
149 807D 7E8039 				         JMP     OTRO
150 		 				 
151 8080	 				 ES_A
152 		 				 
153 8080 B70010 				         STAA    U3
154 8083 7E8039 				         JMP     OTRO
155 		 				 
156 8086	 				 CHECA_U4
157 		 				 
158 8086 F60011 				         LDAB    U4
159 8089 2617 				         BNE     CHECA_T
160 808B 8172 				         CMPA    #'R
161 808D 270D 				         BEQ     ES_R
162 808F 8173 				         CMPA    #'S
163 8091 269D 				         BNE     NO_S1
164 8093 7F0010 				         CLR     U3
165 8096 7F000F 				         CLR     U2
166 8099 7E8039 				         JMP     OTRO
167 		 				 
168 809C	 				 ES_R
169 		 				 
170 809C B70011 				         STAA    U4
171 809F 7E8039 				         JMP     OTRO
172 		 				  
173 80A2	 				 CHECA_T
174 		 				 
175 80A2 8174 				         CMPA    #'T
176 80A4 2710 				         BEQ     EXITO
177 80A6 8173 				         CMPA    #'S
178 80A8 2683 				         BNE     INICIO
179 80AA 7F0011 				         CLR     U4
180 80AD 7F0010 				         CLR     U3
181 80B0 7F000F 				         CLR     U2
182 80B3 7E8039 				         JMP     OTRO
183 		 				 
184 80B6	 				 EXITO
185 80B6 8665 				         LDAA  #'E
186 80B8 B70019 				         STAA  ALTO
187 80BB 8678 				         LDAA  #'X
188 80BD B7001A 				         STAA  BAJO
189 80C0 8669 				         LDAA  #'I
190 80C2 B7001B 				         STAA  BASE_H
191 80C5 8674 				         LDAA  #'T
192 80C7 B7001C 				         STAA  BASE_L
193 80CA 866F 				         LDAA  #'O
194 80CC B7001D 				         STAA  V3
195 		 				 
196 80CF 7E802A 				         JMP MAIN       
197 		 				 
198 		 				 
199 		 				 ***********************************
200 		 				 * INICIA
201 		 				 ***********************************
202 80D2	 				 INICIA
203 		 				      
204 80D2 7F000D 				       CLR  SEG
205 		 				 
206 80D5 7F1002 				       CLR  PORTG
207 80D8 86F4 				       LDAA #$F4         
208 80DA B70018 				       STAA TEMPO         * TEMPO ES VARIABLE PARA CONTAR 244 CICLOS
209 		 				 
210 80DD CE1024 				       LDX #TMSK2
211 1C0040   				       BSET $00,X,#$40    * HABILITA INTERRUPCION TIMER T-REAL
212 80E3 0E   				       CLI
213 		 				 
214 80E4 CE1026 				       LDX #PACTL
215 1C0050   				       BSET $00,X,#$50    * HABILITA PAEN -ACUMULADOR PULSOS ALTOS-
216 80EA 7F1027 				       CLR PACNT          * BORRA ACUMULADOR DE PULSOS
217 		 				 
218 80ED 8610 				       LDAA #$10
219 80EF B7001B 				       STAA BASE_H        * PONE UN #1060 COMO DIRECCION BASE INICIAL
220 80F2 8660 				       LDAA #$60
221 80F4 B7001C 				       STAA BASE_L    
222 		 				       
223 80F7 18CE1060 		       LDY  #$1060      
224 		 				       
225 80FB 8616 				       LDAA #$16
226 80FD B70015 				       STAA BAS_H        * PONE UN #1653 NUMERO TOTAL DE JUEGO DE MUESTRAS
227 8100 8653 				       LDAA #$53
228 8102 B70016 				       STAA BAS_L   
229 		 				 
230 		 				 
231 8105 7F0019 				       CLR  ALTO          * INICIA INDICE MUESTRA EN 0
232 8108 7F001A 				       CLR  BAJO
233 		 				 
234 810B 39   				        RTS
235 		 				 ***********************************
236 		 				 * SACA
237 		 				 ***********************************
238 810C	 				 SACA
239 		 				             
240 		 				        
241 810C B60019 				        LDAA  ALTO         * INDICE DE MUESTRA (SEGUNDO)
242 810F F6001A 				        LDAB  BAJO
243 8112 188F 				        XGDY
244 8114 1808 				        INY
245 8116 188F 				        XGDY
246 8118 BD8262 				        JSR   BINBCD
247 811B BD818D 				        JSR   DISPLAY
248 811E BD817D 				        JSR   COMAN
249 		 				  
250 8121 B6001B 				        LDAA  BASE_H       * INDICE DE MUESTRA (PARTICULAR)
251 8124 F6001C 				        LDAB  BASE_L
252 8127 188F 				        XGDY
253 		 				        
254 8129 1808 				        INY
255 812B 4F   				        CLRA
256 812C 18E600 				        LDAB  $00,Y  
257 812F BD8274 				        JSR   BNBCD
258 8132 BD81AE 				        JSR   DSPLY
259 8135 BD817D 				        JSR   COMAN
260 		 				 
261 8138 1808 				        INY
262 813A 4F   				        CLRA
263 813B 18E600 				        LDAB  $00,Y
264 813E BD8274 				        JSR   BNBCD
265 8141 BD81AE 				        JSR   DSPLY
266 8144 BD817D 				        JSR   COMAN
267 		 				 
268 8147 1808 				        INY
269 8149 4F   				        CLRA
270 814A 18E600 				        LDAB  $00,Y
271 814D BD8274 				        JSR   BNBCD
272 8150 BD81AE 				        JSR   DSPLY
273 8153 BD817D 				        JSR   COMAN
274 		 				 
275 8156 1808 				        INY
276 8158 4F   				        CLRA
277 8159 18E600 				        LDAB  $00,Y
278 815C BD8274 				        JSR   BNBCD
279 815F BD81AE 				        JSR   DSPLY
280 8162 BD817D 				        JSR   COMAN
281 		 				  
282 8165 1808 				        INY
283 8167 4F   				        CLRA 
284 8168 18E600 				        LDAB  $00,Y
285 816B BD8274 				        JSR   BNBCD
286 816E BD81AE 				        JSR   DSPLY
287 		 				        
288 8171 188F 				        XGDY
289 8173 B7001B 				        STAA BASE_H
290 8176 F7001C 				        STAB BASE_L
291 		 				 
292 8179 BD81DF 				        JSR   CRYTRN
293 		 				 
294 817C 39   				        RTS
295 		 				 ***********************************
296 		 				 * COMA
297 		 				 ***********************************
298 817D	 				 COMAN
299 817D CE102E 				        LDX   #SCSR 
300 		 				        
301 8180 B6102E 				        LDAA  SCSR
302 8183 862C 				        LDAA  #$2C             * COMA
303 8185 B7102F 				        STAA  SCDR
304 8188	 				 C1
305 1F0080FC   				        BRCLR $00,X,#$80 C1 
306 818C 39   				        RTS
307 		 				 ***********************************
308 		 				 * DESPLIEGA
309 		 				 ***********************************
310 818D	 				 DISPLAY
311 		 				        
312 818D CE102E 				        LDX   #SCSR 
313 		 				        
314 8190 B6102E 				        LDAA  SCSR
315 8193 B6000E 				        LDAA  U1             * U1
316 8196 8B30 				        ADDA  #$30
317 8198 B7102F 				        STAA  SCDR
318 819B	 				 T1
319 1F0080FC   				        BRCLR $00,X,#$80 T1 
320 		 				       
321 819F B6102E 				        LDAA  SCSR
322 81A2 B6000F 				        LDAA  U2             * U2
323 81A5 8B30 				        ADDA  #$30
324 81A7 B7102F 				        STAA  SCDR
325 81AA	 				 T2
326 1F0080FC   				        BRCLR $00,X,#$80 T2 
327 		 				 
328 81AE	 				 DSPLY  
329 81AE CE102E 				        LDX   #SCSR
330 		 				     
331 81B1 B6102E 				        LDAA SCSR
332 81B4 B60010 				        LDAA  U3             * U3
333 81B7 8B30 				        ADDA  #$30
334 81B9 B7102F 				        STAA  SCDR
335 81BC	 				 T3
336 1F0080FC   				        BRCLR $00,X,#$80 T3 
337 		 				       
338 81C0 B6102E 				        LDAA SCSR 
339 81C3 B60011 				        LDAA  U4             * U4
340 81C6 8B30 				        ADDA  #$30
341 81C8 B7102F 				        STAA  SCDR
342 81CB	 				 T4
343 1F0080FC   				        BRCLR $00,X,#$80 T4 
344 		 				    
345 81CF B6102E 				        LDAA SCSR
346 81D2 B60012 				        LDAA  U5             * U5
347 81D5 8B30 				        ADDA  #$30
348 81D7 B7102F 				        STAA  SCDR
349 81DA	 				 T5
350 1F0080FC   				        BRCLR $00,X,#$80 T5  
351 		 				        
352 81DE 39   				        RTS
353 		 				 
354 		 				 ***********************************
355 		 				 * CARRY RETURN
356 		 				 ***********************************
357 		 				 
358 81DF	 				 CRYTRN
359 81DF CE102E 				        LDX   #SCSR 
360 81E2 B6102E 				        LDAA  SCSR
361 81E5 860A 				        LDAA  #$0A             * NEW LINE     
362 81E7 B7102F 				        STAA  SCDR
363 81EA	 				 CR1
364 1F0080FC   				        BRCLR $00,X,#$80 CR1        
365 		 				 
366 81EE B6102E 				        LDAA SCSR
367 81F1 860D 				        LDAA #$0D              * CARRY RETURN     
368 81F3 B7102F 				        STAA SCDR
369 81F6	 				 CR2
370 1F0080FC   				        BRCLR $00,X,#$80 CR2        
371 		 				 
372 81FA 39   				        RTS
373 		 				 ***********************************
374 		 				 *  DESPLIEGUE DE DATO RECIBIDO
375 		 				 ***********************************
376 		 				 
377 81FB	 				 DATARX
378 81FB CE102E 				        LDX   #SCSR 
379 81FE B6102E 				        LDAA  SCSR
380 8201 B6000C 				        LDAA  ORDEN             * NEW LINE     
381 8204 B7102F 				        STAA  SCDR
382 8207	 				 DT1
383 1F0080FC   				        BRCLR $00,X,#$80 DT1        
384 		 				 
385 820B B6102E 				        LDAA SCSR 
386 820E 863A 				        LDAA #$3A              * DOS PUNTOS    
387 8210 B7102F 				        STAA SCDR
388 8213	 				 DT2
389 1F0080FC   				        BRCLR $00,X,#$80 DT2        
390 		 				 
391 8217 39   				        RTS
392 		 				 ***********************************
393 		 				 * voltimetro
394 		 				 ***********************************
395 8218	 				 VOLTA
396 8218 CE1030 				       LDX #ADCTL      
397 		 				 
398 821B 8680 				       LDAA #$80
399 821D B71039 				       STAA OPTION        * PONE EN MARCHA EL ADC
400 		 				     
401 8220 8610 				       LDAA #$10
402 8222 B71030 				       STAA ADCTL         * ENTRADA MULTIPLE SELECCIONA CANAL 0
403 		 				 
404 8225	 				 E1
405 1F0080FC   				       BRCLR $00,X,#$80 E1  
406 8229 F61031 				       LDAB ADR1
407 822C F70013 				       STAB V1
408 		 				       
409 822F 8680 				       LDAA #$80
410 8231 B71039 				       STAA OPTION        * PONE EN MARCHA EL ADC
411 		 				     
412 8234 8611 				       LDAA #$11
413 8236 B71030 				       STAA ADCTL         * ENTRADA MULTIPLE SELECCIONA CANAL 1
414 		 				 
415 8239	 				 E2
416 1F0080FC   				       BRCLR $00,X,#$80 E2  
417 823D F61032 				       LDAB ADR2
418 8240 F70014 				       STAB V2
419 		 				      
420 8243 8612 				       LDAA #$12
421 8245 B71030 				       STAA ADCTL         * ENTRADA MULTIPLE SELECCIONA CANAL 2
422 		 				 
423 8248	 				 E3
424 1F0080FC   				       BRCLR $00,X,#$80 E3  
425 824C F61033 				       LDAB ADR3
426 824F F7001D 				       STAB V3 
427 		 				 
428 8252 8613 				       LDAA #$13
429 8254 B71030 				       STAA ADCTL         * ENTRADA MULTIPLE SELECCIONA CANAL 3
430 		 				 
431 8257	 				 E4
432 1F0080FC   				       BRCLR $00,X,#$80 E4  
433 825B F61034 				       LDAB ADR4
434 825E F7001E 				       STAB V4
435 		 				 
436 		 				            
437 8261 39   				       RTS
438 		 				 ***********************************
439 		 				 * CONVIERTE A BCD
440 		 				 ***********************************
441 		 				 
442 8262	 				 BINBCD
443 		 				      
444 8262 CE2710 				       LDX  #$2710
445 8265 02   				       IDIV 
446 8266 8F   				       XGDX
447 8267 F7000E 				       STAB U1
448 826A 8F   				       XGDX
449 826B CE03E8 				       LDX  #$3E8
450 826E 02   				       IDIV
451 826F 8F   				       XGDX
452 8270 F7000F 				       STAB U2
453 8273 8F   				       XGDX
454 		 				 
455 8274	 				 BNBCD
456 ERROR 007 				       LDX  #$64
457 8274 02   				       IDIV
458 8275 8F   				       XGDX
459 8276 F70010 				       STAB U3
460 8279 8F   				       XGDX
461 ERROR 007 				       LDX  #$A
462 827A 02   				       IDIV
463 827B 8F   				       XGDX
464 827C F70011 				       STAB U4
465 827F 8F   				       XGDX
466 8280 F70012 				       STAB U5
467 		 				 
468 		 				 
469 		 				 
470 8283 39   				       RTS
471 		 				 
472 		 				 
473 		 				 
474 		 				 ***********************************
475 		 				 * ATENCION A INTERRUPCION SERIAL
476 		 				 ***********************************
477 		F100 				        ORG  $F100
478 		 				   
479 F100 36   				        PSHA
480 		 				  
481 F101 B6102E 				        LDAA SCSR
482 F104 B6102F 				        LDAA SCDR
483 F107 B7000C 				        STAA ORDEN
484 		 				 
485 F10A 32   				        PULA  
486 		 				 
487 F10B 3B   				        RTI
488 		 				 
489 		 				 ***********************************
490 		 				 * ATENCION A INTERRUPCION REAL TIME
491 		 				 ***********************************
492 		F110 				       ORG  $F110
493 		 				 
494 F110 36   				       PSHA
495 F111 3C   				       PSHX
496 		 				 
497 F112 CE1025 				       LDX #TFLG2
498 1C0040   				       BSET $00,X,#$40    * BORRA BANDERA INTERRUPCION
499 F118 7A0018 				       DEC TEMPO
500 F11B 2703 				       BEQ SEGUNDO
501 		 				       
502 F11D 32   				       PULA
503 F11E 38   				       PULX
504 F11F 3B   				       RTI
505 		 				 
506 F120	 				 SEGUNDO
507 F120 86FF 				       LDAA #$FF
508 F122 B7000D 				       STAA SEG           * SEG ES UNA BANDERA DE SEGUNDO    
509 F125 86F4 				       LDAA #$F4         
510 F127 B70018 				       STAA TEMPO         * TEMPO ES VARIABLE PARA CONTAR 244 CICLOS
511 F12A 7C1002 				       INC  PORTG
512 		 				      
513 F12D 32   				       PULA
514 F12E 38   				       PULX
515 F12F 3B   				       RTI
516 		 				 ***********************************
517 		 				 * VECTOR INTERRUPCION SERIAL
518 		 				 ***********************************
519 		FFD6 				        ORG   $FFD6
520 			 				        FCB   $F1,$00       
521 		 				 
522 		 				 ***********************************
523 		 				 * VECTOR INTERRUPCION REAL TIME
524 		 				 ***********************************
525 		FFF0 				        ORG   $FFF0
526 			 				        FCB   $F1,$10       
527 		 				 
528 		 				 ***********************************
529 		 				 *RESET
530 		 				 ***********************************
531 		FFFE 				        ORG    $FFFE
532 FFFE	 				 RESET  FCB    $80,$00
533 		 				 ***********************************
534 			 				        END   $8000


=== Descripcion de errores ===
001   CONSTANTE INEXISTENTE
002   VARIABLE INEXISTENTE
003   ETIQUETA INEXISTENTE
004   MNEMÓNICO INEXISTENTE
005   INSTRUCCIÓN CARECE DE  OPERANDO(S)
006   INSTRUCCIÓN NO LLEVA OPERANDO(S)
007   MAGNITUD DE  OPERANDO ERRONEA
008   SALTO RELATIVO MUY LEJANO
009   INSTRUCCIÓN CARECE DE ALMENOS UN ESPACIO RELATIVO AL MARGEN
010   NO SE ENCUENTRA END
011   SINTAXIS INCORRECTA
012   INSTRUCCIÓN CON EXCESO DE OPERANDO(S)