1 		 				 *** VARIABLES ***
2 		 				    
3 1032	 				 V1   EQU   $1032
4 1033	 				 PRUEBA   EQU   $1033
5 1034	 				 ADR4   EQU   $1034
6 1039	 				 OPTION EQU   $1039
7 		 				 
8 		 				 *** PRINCIPAL ***
9 		8000 				     ORG    $8000
10 		 				 
11 8000	 				 INICIO
12 8000 01   				     NOP
13 8001 7E8017 				     JMP     SINBANDERA
14 8004 26FA 				     BNE     INICIO
15 8006 260F 				     BNE     SINBANDERA
16 8008 1F0080F4 		     BRCLR   $00,X,#$80 INICIO   
17 800C 1F008007 		     BRCLR   $00,X,#$80 SINBANDERA
18 8010 01   				     NOP
19 8011 9645 				     LDAA    $45
20 8013 D60B 				     LDAB    11
21 8015 8680 				     LDAA    #$80
22 		 				 
23 8017	 				 SINBANDERA
24 8017 DC17 				     ldd     $17
25 8019 DE0F 				     LDX     15  
26 801B 9B7c 				     ADDA    $7C
27 801D 94f0 				     ANDA    $F0
28 801F 26F6 				     BNE     SINBANDERA
29 8021 7E8000 				     JMP     INICIO
30 		 				 
31 			 				     END   


=== Recuento de errores ===

=== Descripcion de errores ===
001   CONSTANTE INEXISTENTE
002   VARIABLE INEXISTENTE
003   ETIQUETA INEXISTENTE
004   MNEMÓNICO INEXISTENTE
005   INSTRUCCIÓN CARECE DE  OPERANDO(S)
006   INSTRUCCIÓN NO LLEVA OPERANDO(S)
007   MAGNITUD DE  OPERANDO ERRONEA
008   SALTO RELATIVO MUY LEJANO
009   INSTRUCCIÓN CARECE DE ALMENOS UN ESPACIO RELATIVO AL MARGEN
010   NO SE ENCUENTRA END
011   SINTAXIS INCORRECTA
012   INSTRUCCIÓN CON EXCESO DE OPERANDO(S)