1 		 				 *** VARIABLES ***
2 		 				    
3 1032	 				 V1   EQU   $1032
4 1033	 				 PRUEBA   EQU   $1033
5 1034	 				 ADR4   EQU   $1034
6 1039	 				 OPTION EQU   $1039
7 		 				 
8 		 				 *** PRINCIPAL ***
9 		8000 				     ORG    $8000
10 		 				 
11 8000	 				 INICIO
12 8000 01   				     NOP
13 8001 7E800F 				     JMP     SINBANDERA * Si debe jalar, pero es en post
14 8004 26FA 				     BNE     INICIO
15 8006 2607 				     BNE     SINBANDERA
16 8008 01   				     NOP
17 8009 9645 				     LDAA    $45
18 800B D60B 				     LDAB    11
19 800D 8680 				     LDAA    #$80
20 		 				 
21 800F	 				 SINBANDERA
22 800F DC17 				     ldd     $17
23 8011 DE0F 				     LDX     15  
24 8013 9B7c 				     ADDA    $7C
25 8015 94f0 				     ANDA    $F0
26 		0123 				     ORG     $0123
27 ERROR 008 				     BNE     SINBANDERA
28 0123 7E8000 				     JMP     INICIO
29 		 				 
30 			 				     END   


=== Descripcion de errores ===
001   CONSTANTE INEXISTENTE
002   VARIABLE INEXISTENTE
003   ETIQUETA INEXISTENTE
004   MNEMÓNICO INEXISTENTE
005   INSTRUCCIÓN CARECE DE  OPERANDO(S)
006   INSTRUCCIÓN NO LLEVA OPERANDO(S)
007   MAGNITUD DE  OPERANDO ERRONEA
008   SALTO RELATIVO MUY LEJANO
009   INSTRUCCIÓN CARECE DE ALMENOS UN ESPACIO RELATIVO AL MARGEN
010   NO SE ENCUENTRA END
011   SINTAXIS INCORRECTA
012   INSTRUCCIÓN CON EXCESO DE OPERANDO(S)